Running Catherina module. | synthetic_tracks.py | line 35
Running Catherina module. | synthetic_tracks.py | line 35
Running Catherina module. | synthetic_tracks.py | line 35
Running Catherina module. | synthetic_tracks.py | line 35
Running Catherina module. | synthetic_tracks.py | line 37
Running Catherina module. | synthetic_tracks.py | line 37
Running Catherina module. | synthetic_tracks.py | line 37
Correcting bias for climate variable thermo_eff | bias_correction.py | line 38
+-----------------------+--------+---------------------+----------------------+---------------------+-----------------------+---------------------+---------------------+---------------------+
|        Dataset        | Length |        Mean         |       Std Dev        |      Skewness       |          Min          |    25th Quantile    |    75th Quantile    |         Max         |
+-----------------------+--------+---------------------+----------------------+---------------------+-----------------------+---------------------+---------------------+---------------------+
|  O (Observed (ERA5))  |  7515  |        0.294        |        0.027         |       -2.553        |         0.156         |        0.29         |        0.308        |        0.33         |
|  Gp (GCM Historical)  | 763968 | 0.11500000208616257 | 0.017000000923871994 | -1.8930000066757202 | -0.014999999664723873 | 0.10899999737739563 |        0.125        | 0.1599999964237213  |
|      Gf (Future)      | 272609 | 0.11800000071525574 | 0.017999999225139618 | -1.8339999914169312 | -0.012000000104308128 | 0.1120000034570694  | 0.12999999523162842 | 0.17599999904632568 |
| Corrected Gf (Future) | 272609 |        0.297        |        0.028         |       -2.323        |         0.158         |        0.295        |        0.312        |        0.336        |
+-----------------------+--------+---------------------+----------------------+---------------------+-----------------------+---------------------+---------------------+---------------------+ | bias_correction.py | line 163
/home/tiphanie/projets_python/catherina/src/bias_correction/bias_correction.py:141 - FutureWarning: Setting an item of incompatible dtype is deprecated and will raise an error in a future version of pandas. Value '[0.29525396 0.29525497 0.29522446 ... 0.22448095 0.22439207 0.22463648]' has dtype incompatible with float32, please explicitly cast to a compatible dtype first. | synthetic_tracks.py | line 310
Correcting bias for climate variable nshr | bias_correction.py | line 38
+-----------------------+--------+--------------------+---------------------+---------------------+----------------------+--------------------+--------------------+--------------------+
|        Dataset        | Length |        Mean        |       Std Dev       |      Skewness       |         Min          |   25th Quantile    |   75th Quantile    |        Max         |
+-----------------------+--------+--------------------+---------------------+---------------------+----------------------+--------------------+--------------------+--------------------+
|  O (Observed (ERA5))  |  7757  |       0.827        |        0.054        |       -4.257        |        0.267         |       0.813        |       0.854        |       0.963        |
|  Gp (GCM Historical)  | 813984 | 0.7580000162124634 | 0.06800000369548798 | -2.187000036239624  | 0.10100000351667404  | 0.7319999933242798 | 0.7900000214576721 |        1.0         |
|      Gf (Future)      | 272757 | 0.7549999952316284 | 0.10700000077486038 | -2.9100000858306885 | 0.052000001072883606 | 0.7419999837875366 | 0.7979999780654907 | 0.9919999837875366 |
| Corrected Gf (Future) | 272757 |       0.827        |        0.088        |       -4.793        |        0.201         |       0.822        |       0.861        |       1.006        |
+-----------------------+--------+--------------------+---------------------+---------------------+----------------------+--------------------+--------------------+--------------------+ | bias_correction.py | line 163
/home/tiphanie/projets_python/catherina/src/bias_correction/bias_correction.py:141 - FutureWarning: Setting an item of incompatible dtype is deprecated and will raise an error in a future version of pandas. Value '[0.85571705 0.85571547 0.85570706 ... 0.87609486 0.874572   0.87408098]' has dtype incompatible with float32, please explicitly cast to a compatible dtype first. | synthetic_tracks.py | line 310
Correcting bias for climate variable MSLP | bias_correction.py | line 38
+-----------------------+--------+--------------------+-------------------+----------------------+-------------------+--------------------+--------------------+--------------------+
|        Dataset        | Length |        Mean        |      Std Dev      |       Skewness       |        Min        |   25th Quantile    |   75th Quantile    |        Max         |
+-----------------------+--------+--------------------+-------------------+----------------------+-------------------+--------------------+--------------------+--------------------+
|  O (Observed (ERA5))  |  7757  |      1012.817      |       4.755       |        -0.01         |      987.439      |      1009.962      |      1016.161      |      1026.807      |
|  Gp (GCM Historical)  | 813984 |  1014.27099609375  | 5.070000171661377 | -0.1899999976158142  | 977.0130004882812 |  1011.31201171875  | 1017.4769897460938 | 1032.616943359375  |
|      Gf (Future)      | 272757 | 1011.7849731445312 | 5.03000020980835  | -0.08900000154972076 | 992.4920043945312 | 1009.0360107421875 | 1014.8519897460938 | 1031.4010009765625 |
| Corrected Gf (Future) | 272757 |      1010.375      |       4.65        |        0.101         |      993.367      |      1007.676      |      1013.554      |      1037.589      |
+-----------------------+--------+--------------------+-------------------+----------------------+-------------------+--------------------+--------------------+--------------------+ | bias_correction.py | line 163
/home/tiphanie/projets_python/catherina/src/bias_correction/bias_correction.py:141 - FutureWarning: Setting an item of incompatible dtype is deprecated and will raise an error in a future version of pandas. Value '[1009.10121372 1009.10118312 1009.10109135 ... 1009.13801729 1008.22433543
 1007.19890415]' has dtype incompatible with float32, please explicitly cast to a compatible dtype first. | synthetic_tracks.py | line 310
Writing dataset to data/output/catherina/track_with_env_corr/ACCESS-CM2/historical/ACCESS-CM2/historical | bias_correction.py | line 49
Intensifying tracks... | synthetic_tracks.py | line 253
Running Catherina module. | synthetic_tracks.py | line 39
Running Catherina module. | synthetic_tracks.py | line 39
Running Catherina module. | synthetic_tracks.py | line 39
Running Catherina module. | synthetic_tracks.py | line 39
Running Catherina module. | synthetic_tracks.py | line 39
Running Catherina module. | synthetic_tracks.py | line 39
Running Catherina module. | synthetic_tracks.py | line 39
Running Catherina module. | synthetic_tracks.py | line 39
Running Catherina module. | synthetic_tracks.py | line 39
Running Catherina module. | synthetic_tracks.py | line 39
Running Catherina module. | synthetic_tracks.py | line 39
Running Catherina module. | synthetic_tracks.py | line 39
Running Catherina module. | synthetic_tracks.py | line 39
Running Catherina module. | synthetic_tracks.py | line 39
Running Catherina module. | synthetic_tracks.py | line 39
Running Catherina module. | synthetic_tracks.py | line 39
Running Catherina module. | synthetic_tracks.py | line 39
Running Catherina module. | synthetic_tracks.py | line 39
Running Catherina module. | synthetic_tracks.py | line 39
Running Catherina module. | synthetic_tracks.py | line 39
Running Catherina module. | synthetic_tracks.py | line 39
Running Catherina module. | synthetic_tracks.py | line 39
Running Catherina module. | synthetic_tracks.py | line 39
Running Catherina module. | synthetic_tracks.py | line 39
Running Catherina module. | synthetic_tracks.py | line 39
Running Catherina module. | synthetic_tracks.py | line 39
Running Catherina module. | synthetic_tracks.py | line 39
Running Catherina module. | synthetic_tracks.py | line 39
Running Catherina module. | synthetic_tracks.py | line 39
Running Catherina module. | synthetic_tracks.py | line 39
Running Catherina module. | synthetic_tracks.py | line 39
Running Catherina module. | synthetic_tracks.py | line 39
Running Catherina module. | synthetic_tracks.py | line 39
Running Catherina module. | synthetic_tracks.py | line 39
Running Catherina module. | synthetic_tracks.py | line 39
Running Catherina module. | synthetic_tracks.py | line 39
Running Catherina module. | synthetic_tracks.py | line 39
Running Catherina module. | synthetic_tracks.py | line 39
Running Catherina module. | synthetic_tracks.py | line 39
Running Catherina module. | synthetic_tracks.py | line 39
Running Catherina module. | synthetic_tracks.py | line 39
Running Catherina module. | synthetic_tracks.py | line 39
Running Catherina module. | synthetic_tracks.py | line 39
Running Catherina module. | synthetic_tracks.py | line 39
Running Catherina module. | synthetic_tracks.py | line 39
Running Catherina module. | synthetic_tracks.py | line 39
Running Catherina module. | synthetic_tracks.py | line 39
Running Catherina module. | synthetic_tracks.py | line 39
Running Catherina module. | synthetic_tracks.py | line 39
Running Catherina module. | synthetic_tracks.py | line 39
Running Catherina module. | synthetic_tracks.py | line 39
Running Catherina module. | synthetic_tracks.py | line 39
Running Catherina module. | synthetic_tracks.py | line 39
Running Catherina module. | synthetic_tracks.py | line 39
Running Catherina module. | synthetic_tracks.py | line 39
Running Catherina module. | synthetic_tracks.py | line 39
Running Catherina module. | synthetic_tracks.py | line 39
Running Catherina module. | synthetic_tracks.py | line 39
Running Catherina module. | synthetic_tracks.py | line 39
Running Catherina module. | synthetic_tracks.py | line 39
Running Catherina module. | synthetic_tracks.py | line 39
Running Catherina module. | synthetic_tracks.py | line 39
Running Catherina module. | synthetic_tracks.py | line 39
Running Catherina module. | synthetic_tracks.py | line 39
Running Catherina module. | synthetic_tracks.py | line 39
Running Catherina module. | synthetic_tracks.py | line 39
Running Catherina module. | synthetic_tracks.py | line 39
Running Catherina module. | synthetic_tracks.py | line 39
Running Catherina module. | synthetic_tracks.py | line 39
Running Catherina module. | synthetic_tracks.py | line 39
Running Catherina module. | synthetic_tracks.py | line 39
Running Catherina module. | synthetic_tracks.py | line 39
Running Catherina module. | synthetic_tracks.py | line 39
Running Catherina module. | synthetic_tracks.py | line 39
Running Catherina module. | synthetic_tracks.py | line 39
Running Catherina module. | synthetic_tracks.py | line 39
Running Catherina module. | synthetic_tracks.py | line 39
Running Catherina module. | synthetic_tracks.py | line 39
Running Catherina module. | synthetic_tracks.py | line 39
Running Catherina module. | synthetic_tracks.py | line 39
Running Catherina module. | synthetic_tracks.py | line 39
Running Catherina module. | synthetic_tracks.py | line 39
Running Catherina module. | synthetic_tracks.py | line 39
Running Catherina module. | synthetic_tracks.py | line 39
